
R version 4.5.2 (2025-10-31) -- "[Not] Part in a Rumble"
Copyright (C) 2025 The R Foundation for Statistical Computing
Platform: aarch64-apple-darwin20

R is free software and comes with ABSOLUTELY NO WARRANTY.
You are welcome to redistribute it under certain conditions.
Type 'license()' or 'licence()' for distribution details.

R is a collaborative project with many contributors.
Type 'contributors()' for more information and
'citation()' on how to cite R or R packages in publications.

Type 'demo()' for some demos, 'help()' for on-line help, or
'help.start()' for an HTML browser interface to help.
Type 'q()' to quit R.

> # This file is part of the standard setup for testthat.
> # It is recommended that you do not modify it.
> #
> # Where should you do your testing?
> # Learn more about testing at https://r-pkgs.org/tests.html
> options(error = NULL)
> #setwd("~/Documents/asa-software/")
> library(testthat)
> library(asa)
> 
> test_check("asa")

  build_prompt: 0.0862 sec (baseline: 0.15, threshold: 0.19, ratio: 0.57x)

  helper_funcs: 0.0685 sec (baseline: 0.15, threshold: 0.19, ratio: 0.46x)

  combined:     0.0956 sec (baseline: 0.20, threshold: 0.25, ratio: 0.48x)

  Could not write speed report: cannot open the connection
  README.md updated: /Users/cjerzak/Documents/asa-software/README.md
[ FAIL 0 | WARN 1 | SKIP 1 | PASS 58 ]

══ Skipped tests (1) ═══════════════════════════════════════════════════════════
• Could not initialize agent: Unable to locate conda environment 'asa_env'.
  (1): 'test-speed.R:334:5'

[ FAIL 0 | WARN 1 | SKIP 1 | PASS 58 ]
> 
> # test_check("asa") # - designed for R CMD check, not interactive use
> devtools::test("~/Documents/asa-software/asa/")#  - use this for interactive testing
ℹ Testing asa
✔ | F W  S  OK | Context

⠏ |          0 | country-parties                                                
⠏ |          0 | helpers                                                        
✔ |         22 | helpers

⠏ |          0 | run-task                                                       
✔ |          7 | run-task

⠏ |          0 | s3-classes                                                     
✔ |         25 | s3-classes

⠏ |          0 | speed                                                          
  build_prompt: 0.0858 sec (baseline: 0.15, threshold: 0.19, ratio: 0.57x)

  helper_funcs: 0.0725 sec (baseline: 0.15, threshold: 0.19, ratio: 0.48x)

⠙ |          2 | speed                                                          
  combined:     0.0975 sec (baseline: 0.20, threshold: 0.25, ratio: 0.49x)

⠹ |          3 | speed                                                          
⠸ |      1   3 | speed                                                          
  Speed report written to: /Users/cjerzak/Documents/asa-software/asa/tests/testthat/SPEED_REPORT.md
  README.md updated: /Users/cjerzak/Documents/asa-software/README.md

✔ |      1   4 | speed

══ Results ═════════════════════════════════════════════════════════════════════
── Skipped tests (1) ───────────────────────────────────────────────────────────
• Could not initialize agent: Unable to locate conda environment 'asa_env'.
  (1): 'test-speed.R:334:5'

[ FAIL 0 | WARN 0 | SKIP 1 | PASS 58 ]
> 
> proc.time()
   user  system elapsed 
  2.614   0.409   2.985 
